// Jest Snapshot v1, https://goo.gl/fbAQLP

exports[`should return the Apple 1`] = `
Object {
  "asFragment": [Function],
  "baseElement": <body>
    <div />
  </body>,
  "container": <div />,
  "debug": [Function],
  "findAllByAltText": [Function],
  "findAllByDisplayValue": [Function],
  "findAllByLabelText": [Function],
  "findAllByPlaceholderText": [Function],
  "findAllByRole": [Function],
  "findAllByTestId": [Function],
  "findAllByText": [Function],
  "findAllByTitle": [Function],
  "findByAltText": [Function],
  "findByDisplayValue": [Function],
  "findByLabelText": [Function],
  "findByPlaceholderText": [Function],
  "findByRole": [Function],
  "findByTestId": [Function],
  "findByText": [Function],
  "findByTitle": [Function],
  "getAllByAltText": [Function],
  "getAllByDisplayValue": [Function],
  "getAllByLabelText": [Function],
  "getAllByPlaceholderText": [Function],
  "getAllByRole": [Function],
  "getAllByTestId": [Function],
  "getAllByText": [Function],
  "getAllByTitle": [Function],
  "getByAltText": [Function],
  "getByDisplayValue": [Function],
  "getByLabelText": [Function],
  "getByPlaceholderText": [Function],
  "getByRole": [Function],
  "getByTestId": [Function],
  "getByText": [Function],
  "getByTitle": [Function],
  "queryAllByAltText": [Function],
  "queryAllByDisplayValue": [Function],
  "queryAllByLabelText": [Function],
  "queryAllByPlaceholderText": [Function],
  "queryAllByRole": [Function],
  "queryAllByTestId": [Function],
  "queryAllByText": [Function],
  "queryAllByTitle": [Function],
  "queryByAltText": [Function],
  "queryByDisplayValue": [Function],
  "queryByLabelText": [Function],
  "queryByPlaceholderText": [Function],
  "queryByRole": [Function],
  "queryByTestId": [Function],
  "queryByText": [Function],
  "queryByTitle": [Function],
  "rerender": [Function],
  "unmount": [Function],
}
`;

exports[`should return the home page 1`] = `
Object {
  "asFragment": [Function],
  "baseElement": <body>
    <div>
      <div>
        <div>
          <nav
            class="navigation"
          >
            <div
              class="left-navigation"
            >
              <a
                href="/"
              >
                <i
                  class="fas fa-angle-left fa-2x"
                />
              </a>
              <h3 />
            </div>
            <div
              class="search-bar"
            >
              <input
                placeholder="Filter by country"
                type="text"
              />
              <i
                class="fas fa-angle-right fa-2x"
              />
            </div>
            <div
              class="right-navigation"
            >
              <i
                class="fas fa-microphone"
              />
              <i
                class="fas fa-cog"
              />
            </div>
          </nav>
        </div>
        <div
          class="all-fruits"
        >
          <img
            alt="banana"
            src="./assets/banana.png"
          />
          <h1>
            All Fruits
          </h1>
        </div>
        <ul />
      </div>
    </div>
  </body>,
  "container": <div>
    <div>
      <div>
        <nav
          class="navigation"
        >
          <div
            class="left-navigation"
          >
            <a
              href="/"
            >
              <i
                class="fas fa-angle-left fa-2x"
              />
            </a>
            <h3 />
          </div>
          <div
            class="search-bar"
          >
            <input
              placeholder="Filter by country"
              type="text"
            />
            <i
              class="fas fa-angle-right fa-2x"
            />
          </div>
          <div
            class="right-navigation"
          >
            <i
              class="fas fa-microphone"
            />
            <i
              class="fas fa-cog"
            />
          </div>
        </nav>
      </div>
      <div
        class="all-fruits"
      >
        <img
          alt="banana"
          src="./assets/banana.png"
        />
        <h1>
          All Fruits
        </h1>
      </div>
      <ul />
    </div>
  </div>,
  "debug": [Function],
  "findAllByAltText": [Function],
  "findAllByDisplayValue": [Function],
  "findAllByLabelText": [Function],
  "findAllByPlaceholderText": [Function],
  "findAllByRole": [Function],
  "findAllByTestId": [Function],
  "findAllByText": [Function],
  "findAllByTitle": [Function],
  "findByAltText": [Function],
  "findByDisplayValue": [Function],
  "findByLabelText": [Function],
  "findByPlaceholderText": [Function],
  "findByRole": [Function],
  "findByTestId": [Function],
  "findByText": [Function],
  "findByTitle": [Function],
  "getAllByAltText": [Function],
  "getAllByDisplayValue": [Function],
  "getAllByLabelText": [Function],
  "getAllByPlaceholderText": [Function],
  "getAllByRole": [Function],
  "getAllByTestId": [Function],
  "getAllByText": [Function],
  "getAllByTitle": [Function],
  "getByAltText": [Function],
  "getByDisplayValue": [Function],
  "getByLabelText": [Function],
  "getByPlaceholderText": [Function],
  "getByRole": [Function],
  "getByTestId": [Function],
  "getByText": [Function],
  "getByTitle": [Function],
  "queryAllByAltText": [Function],
  "queryAllByDisplayValue": [Function],
  "queryAllByLabelText": [Function],
  "queryAllByPlaceholderText": [Function],
  "queryAllByRole": [Function],
  "queryAllByTestId": [Function],
  "queryAllByText": [Function],
  "queryAllByTitle": [Function],
  "queryByAltText": [Function],
  "queryByDisplayValue": [Function],
  "queryByLabelText": [Function],
  "queryByPlaceholderText": [Function],
  "queryByRole": [Function],
  "queryByTestId": [Function],
  "queryByText": [Function],
  "queryByTitle": [Function],
  "rerender": [Function],
  "unmount": [Function],
}
`;
